Archive member included because of file (symbol)

d:/academic/mt embedded diploma/0. misc/eclipse/winavr-20240224t165543z-001/winavr/bin/../lib/gcc/avr/4.3.3/avr5\libgcc.a(_mulsi3.o)
                              ./src/lm35_sensor.o (__mulsi3)
d:/academic/mt embedded diploma/0. misc/eclipse/winavr-20240224t165543z-001/winavr/bin/../lib/gcc/avr/4.3.3/avr5\libgcc.a(_exit.o)
                              d:/academic/mt embedded diploma/0. misc/eclipse/winavr-20240224t165543z-001/winavr/bin/../lib/gcc/avr/4.3.3/../../../../avr/lib/avr5/crtm32.o (exit)
d:/academic/mt embedded diploma/0. misc/eclipse/winavr-20240224t165543z-001/winavr/bin/../lib/gcc/avr/4.3.3/avr5\libgcc.a(_copy_data.o)
                              ./src/main.o (__do_copy_data)
d:/academic/mt embedded diploma/0. misc/eclipse/winavr-20240224t165543z-001/winavr/bin/../lib/gcc/avr/4.3.3/avr5\libgcc.a(_clear_bss.o)
                              ./src/main.o (__do_clear_bss)
d:/academic/mt embedded diploma/0. misc/eclipse/winavr-20240224t165543z-001/winavr/bin/../lib/gcc/avr/4.3.3/avr5\libgcc.a(_fixunssfsi.o)
                              ./src/lcd.o (__fixunssfsi)
d:/academic/mt embedded diploma/0. misc/eclipse/winavr-20240224t165543z-001/winavr/bin/../lib/gcc/avr/4.3.3/avr5\libgcc.a(_addsub_sf.o)
                              d:/academic/mt embedded diploma/0. misc/eclipse/winavr-20240224t165543z-001/winavr/bin/../lib/gcc/avr/4.3.3/avr5\libgcc.a(_fixunssfsi.o) (__subsf3)
d:/academic/mt embedded diploma/0. misc/eclipse/winavr-20240224t165543z-001/winavr/bin/../lib/gcc/avr/4.3.3/avr5\libgcc.a(_mul_sf.o)
                              ./src/lcd.o (__mulsf3)
d:/academic/mt embedded diploma/0. misc/eclipse/winavr-20240224t165543z-001/winavr/bin/../lib/gcc/avr/4.3.3/avr5\libgcc.a(_div_sf.o)
                              ./src/lm35_sensor.o (__divsf3)
d:/academic/mt embedded diploma/0. misc/eclipse/winavr-20240224t165543z-001/winavr/bin/../lib/gcc/avr/4.3.3/avr5\libgcc.a(_gt_sf.o)
                              ./src/lcd.o (__gtsf2)
d:/academic/mt embedded diploma/0. misc/eclipse/winavr-20240224t165543z-001/winavr/bin/../lib/gcc/avr/4.3.3/avr5\libgcc.a(_ge_sf.o)
                              d:/academic/mt embedded diploma/0. misc/eclipse/winavr-20240224t165543z-001/winavr/bin/../lib/gcc/avr/4.3.3/avr5\libgcc.a(_fixunssfsi.o) (__gesf2)
d:/academic/mt embedded diploma/0. misc/eclipse/winavr-20240224t165543z-001/winavr/bin/../lib/gcc/avr/4.3.3/avr5\libgcc.a(_lt_sf.o)
                              ./src/lcd.o (__ltsf2)
d:/academic/mt embedded diploma/0. misc/eclipse/winavr-20240224t165543z-001/winavr/bin/../lib/gcc/avr/4.3.3/avr5\libgcc.a(_si_to_sf.o)
                              ./src/pwm.o (__floatsisf)
d:/academic/mt embedded diploma/0. misc/eclipse/winavr-20240224t165543z-001/winavr/bin/../lib/gcc/avr/4.3.3/avr5\libgcc.a(_sf_to_si.o)
                              d:/academic/mt embedded diploma/0. misc/eclipse/winavr-20240224t165543z-001/winavr/bin/../lib/gcc/avr/4.3.3/avr5\libgcc.a(_fixunssfsi.o) (__fixsfsi)
d:/academic/mt embedded diploma/0. misc/eclipse/winavr-20240224t165543z-001/winavr/bin/../lib/gcc/avr/4.3.3/avr5\libgcc.a(_thenan_sf.o)
                              d:/academic/mt embedded diploma/0. misc/eclipse/winavr-20240224t165543z-001/winavr/bin/../lib/gcc/avr/4.3.3/avr5\libgcc.a(_addsub_sf.o) (__thenan_sf)
d:/academic/mt embedded diploma/0. misc/eclipse/winavr-20240224t165543z-001/winavr/bin/../lib/gcc/avr/4.3.3/avr5\libgcc.a(_usi_to_sf.o)
                              ./src/lm35_sensor.o (__floatunsisf)
d:/academic/mt embedded diploma/0. misc/eclipse/winavr-20240224t165543z-001/winavr/bin/../lib/gcc/avr/4.3.3/avr5\libgcc.a(_prologue.o)
                              d:/academic/mt embedded diploma/0. misc/eclipse/winavr-20240224t165543z-001/winavr/bin/../lib/gcc/avr/4.3.3/avr5\libgcc.a(_addsub_sf.o) (__prologue_saves__)
d:/academic/mt embedded diploma/0. misc/eclipse/winavr-20240224t165543z-001/winavr/bin/../lib/gcc/avr/4.3.3/avr5\libgcc.a(_epilogue.o)
                              d:/academic/mt embedded diploma/0. misc/eclipse/winavr-20240224t165543z-001/winavr/bin/../lib/gcc/avr/4.3.3/avr5\libgcc.a(_addsub_sf.o) (__epilogue_restores__)
d:/academic/mt embedded diploma/0. misc/eclipse/winavr-20240224t165543z-001/winavr/bin/../lib/gcc/avr/4.3.3/avr5\libgcc.a(_clzsi2.o)
                              d:/academic/mt embedded diploma/0. misc/eclipse/winavr-20240224t165543z-001/winavr/bin/../lib/gcc/avr/4.3.3/avr5\libgcc.a(_si_to_sf.o) (__clzsi2)
d:/academic/mt embedded diploma/0. misc/eclipse/winavr-20240224t165543z-001/winavr/bin/../lib/gcc/avr/4.3.3/avr5\libgcc.a(_pack_sf.o)
                              d:/academic/mt embedded diploma/0. misc/eclipse/winavr-20240224t165543z-001/winavr/bin/../lib/gcc/avr/4.3.3/avr5\libgcc.a(_addsub_sf.o) (__pack_f)
d:/academic/mt embedded diploma/0. misc/eclipse/winavr-20240224t165543z-001/winavr/bin/../lib/gcc/avr/4.3.3/avr5\libgcc.a(_unpack_sf.o)
                              d:/academic/mt embedded diploma/0. misc/eclipse/winavr-20240224t165543z-001/winavr/bin/../lib/gcc/avr/4.3.3/avr5\libgcc.a(_addsub_sf.o) (__unpack_f)
d:/academic/mt embedded diploma/0. misc/eclipse/winavr-20240224t165543z-001/winavr/bin/../lib/gcc/avr/4.3.3/avr5\libgcc.a(_fpcmp_parts_sf.o)
                              d:/academic/mt embedded diploma/0. misc/eclipse/winavr-20240224t165543z-001/winavr/bin/../lib/gcc/avr/4.3.3/avr5\libgcc.a(_gt_sf.o) (__fpcmp_parts_f)
d:/academic/mt embedded diploma/0. misc/eclipse/winavr-20240224t165543z-001/winavr/bin/../lib/gcc/avr/4.3.3/avr5\libgcc.a(_clz.o)
                              d:/academic/mt embedded diploma/0. misc/eclipse/winavr-20240224t165543z-001/winavr/bin/../lib/gcc/avr/4.3.3/avr5\libgcc.a(_clzsi2.o) (__clz_tab)
d:/academic/mt embedded diploma/0. misc/eclipse/winavr-20240224t165543z-001/winavr/bin/../lib/gcc/avr/4.3.3/../../../../avr/lib/avr5\libc.a(itoa.o)
                              ./src/lcd.o (itoa)
d:/academic/mt embedded diploma/0. misc/eclipse/winavr-20240224t165543z-001/winavr/bin/../lib/gcc/avr/4.3.3/../../../../avr/lib/avr5\libc.a(strrev.o)
                              d:/academic/mt embedded diploma/0. misc/eclipse/winavr-20240224t165543z-001/winavr/bin/../lib/gcc/avr/4.3.3/../../../../avr/lib/avr5\libc.a(itoa.o) (strrev)
d:/academic/mt embedded diploma/0. misc/eclipse/winavr-20240224t165543z-001/winavr/bin/../lib/gcc/avr/4.3.3/avr5\libgcc.a(_udivmodhi4.o)
                              d:/academic/mt embedded diploma/0. misc/eclipse/winavr-20240224t165543z-001/winavr/bin/../lib/gcc/avr/4.3.3/../../../../avr/lib/avr5\libc.a(itoa.o) (__udivmodhi4)

Allocating common symbols
Common symbol       size              file

g_current_temp      0x1               ./src/main.o
g_displayed_speed   0x1               ./src/main.o
g_current_speed     0x1               ./src/main.o
g_displayed_state   0x1               ./src/main.o
g_displayed_temp    0x1               ./src/main.o
g_current_state     0x1               ./src/main.o

Memory Configuration

Name             Origin             Length             Attributes
text             0x00000000         0x00020000         xr
data             0x00800060         0x0000ffa0         rw !x
eeprom           0x00810000         0x00010000         rw !x
fuse             0x00820000         0x00000400         rw !x
lock             0x00830000         0x00000400         rw !x
signature        0x00840000         0x00000400         rw !x
*default*        0x00000000         0xffffffff

Linker script and memory map

LOAD d:/academic/mt embedded diploma/0. misc/eclipse/winavr-20240224t165543z-001/winavr/bin/../lib/gcc/avr/4.3.3/../../../../avr/lib/avr5/crtm32.o
LOAD ./src/adc.o
LOAD ./src/gpio.o
LOAD ./src/lcd.o
LOAD ./src/lm35_sensor.o
LOAD ./src/main.o
LOAD ./src/motor.o
LOAD ./src/pwm.o
LOAD d:/academic/mt embedded diploma/0. misc/eclipse/winavr-20240224t165543z-001/winavr/bin/../lib/gcc/avr/4.3.3/avr5\libgcc.a
LOAD d:/academic/mt embedded diploma/0. misc/eclipse/winavr-20240224t165543z-001/winavr/bin/../lib/gcc/avr/4.3.3/../../../../avr/lib/avr5\libc.a
LOAD d:/academic/mt embedded diploma/0. misc/eclipse/winavr-20240224t165543z-001/winavr/bin/../lib/gcc/avr/4.3.3/avr5\libgcc.a

.hash
 *(.hash)

.dynsym
 *(.dynsym)

.dynstr
 *(.dynstr)

.gnu.version
 *(.gnu.version)

.gnu.version_d
 *(.gnu.version_d)

.gnu.version_r
 *(.gnu.version_r)

.rel.init
 *(.rel.init)

.rela.init
 *(.rela.init)

.rel.text
 *(.rel.text)
 *(.rel.text.*)
 *(.rel.gnu.linkonce.t*)

.rela.text
 *(.rela.text)
 *(.rela.text.*)
 *(.rela.gnu.linkonce.t*)

.rel.fini
 *(.rel.fini)

.rela.fini
 *(.rela.fini)

.rel.rodata
 *(.rel.rodata)
 *(.rel.rodata.*)
 *(.rel.gnu.linkonce.r*)

.rela.rodata
 *(.rela.rodata)
 *(.rela.rodata.*)
 *(.rela.gnu.linkonce.r*)

.rel.data
 *(.rel.data)
 *(.rel.data.*)
 *(.rel.gnu.linkonce.d*)

.rela.data
 *(.rela.data)
 *(.rela.data.*)
 *(.rela.gnu.linkonce.d*)

.rel.ctors
 *(.rel.ctors)

.rela.ctors
 *(.rela.ctors)

.rel.dtors
 *(.rel.dtors)

.rela.dtors
 *(.rela.dtors)

.rel.got
 *(.rel.got)

.rela.got
 *(.rela.got)

.rel.bss
 *(.rel.bss)

.rela.bss
 *(.rela.bss)

.rel.plt
 *(.rel.plt)

.rela.plt
 *(.rela.plt)

.text           0x00000000     0x282e
 *(.vectors)
 .vectors       0x00000000       0x54 d:/academic/mt embedded diploma/0. misc/eclipse/winavr-20240224t165543z-001/winavr/bin/../lib/gcc/avr/4.3.3/../../../../avr/lib/avr5/crtm32.o
                0x00000000                __vectors
                0x00000000                __vector_default
 *(.vectors)
 *(.progmem.gcc*)
 *(.progmem*)
                0x00000054                . = ALIGN (0x2)
                0x00000054                __trampolines_start = .
 *(.trampolines)
 .trampolines   0x00000054        0x0 linker stubs
 *(.trampolines*)
                0x00000054                __trampolines_end = .
 *(.jumptables)
 *(.jumptables*)
 *(.lowtext)
 *(.lowtext*)
                0x00000054                __ctors_start = .
 *(.ctors)
                0x00000054                __ctors_end = .
                0x00000054                __dtors_start = .
 *(.dtors)
                0x00000054                __dtors_end = .
 SORT(*)(.ctors)
 SORT(*)(.dtors)
 *(.init0)
 .init0         0x00000054        0x0 d:/academic/mt embedded diploma/0. misc/eclipse/winavr-20240224t165543z-001/winavr/bin/../lib/gcc/avr/4.3.3/../../../../avr/lib/avr5/crtm32.o
                0x00000054                __init
 *(.init0)
 *(.init1)
 *(.init1)
 *(.init2)
 .init2         0x00000054        0xc d:/academic/mt embedded diploma/0. misc/eclipse/winavr-20240224t165543z-001/winavr/bin/../lib/gcc/avr/4.3.3/../../../../avr/lib/avr5/crtm32.o
 *(.init2)
 *(.init3)
 *(.init3)
 *(.init4)
 .init4         0x00000060       0x16 d:/academic/mt embedded diploma/0. misc/eclipse/winavr-20240224t165543z-001/winavr/bin/../lib/gcc/avr/4.3.3/avr5\libgcc.a(_copy_data.o)
                0x00000060                __do_copy_data
 .init4         0x00000076       0x10 d:/academic/mt embedded diploma/0. misc/eclipse/winavr-20240224t165543z-001/winavr/bin/../lib/gcc/avr/4.3.3/avr5\libgcc.a(_clear_bss.o)
                0x00000076                __do_clear_bss
 *(.init4)
 *(.init5)
 *(.init5)
 *(.init6)
 *(.init6)
 *(.init7)
 *(.init7)
 *(.init8)
 *(.init8)
 *(.init9)
 .init9         0x00000086        0x8 d:/academic/mt embedded diploma/0. misc/eclipse/winavr-20240224t165543z-001/winavr/bin/../lib/gcc/avr/4.3.3/../../../../avr/lib/avr5/crtm32.o
 *(.init9)
 *(.text)
 .text          0x0000008e        0x4 d:/academic/mt embedded diploma/0. misc/eclipse/winavr-20240224t165543z-001/winavr/bin/../lib/gcc/avr/4.3.3/../../../../avr/lib/avr5/crtm32.o
                0x0000008e                __vector_1
                0x0000008e                __vector_12
                0x0000008e                __bad_interrupt
                0x0000008e                __vector_6
                0x0000008e                __vector_3
                0x0000008e                __vector_11
                0x0000008e                __vector_13
                0x0000008e                __vector_17
                0x0000008e                __vector_19
                0x0000008e                __vector_7
                0x0000008e                __vector_5
                0x0000008e                __vector_4
                0x0000008e                __vector_9
                0x0000008e                __vector_2
                0x0000008e                __vector_15
                0x0000008e                __vector_8
                0x0000008e                __vector_14
                0x0000008e                __vector_10
                0x0000008e                __vector_16
                0x0000008e                __vector_18
                0x0000008e                __vector_20
 .text          0x00000092        0x0 ./src/adc.o
 .text          0x00000092        0x0 ./src/gpio.o
 .text          0x00000092        0x0 ./src/lcd.o
 .text          0x00000092        0x0 ./src/lm35_sensor.o
 .text          0x00000092        0x0 ./src/main.o
 .text          0x00000092        0x0 ./src/motor.o
 .text          0x00000092        0x0 ./src/pwm.o
 .text          0x00000092        0x0 d:/academic/mt embedded diploma/0. misc/eclipse/winavr-20240224t165543z-001/winavr/bin/../lib/gcc/avr/4.3.3/avr5\libgcc.a(_mulsi3.o)
 .text          0x00000092        0x0 d:/academic/mt embedded diploma/0. misc/eclipse/winavr-20240224t165543z-001/winavr/bin/../lib/gcc/avr/4.3.3/avr5\libgcc.a(_exit.o)
 .text          0x00000092        0x0 d:/academic/mt embedded diploma/0. misc/eclipse/winavr-20240224t165543z-001/winavr/bin/../lib/gcc/avr/4.3.3/avr5\libgcc.a(_copy_data.o)
 .text          0x00000092        0x0 d:/academic/mt embedded diploma/0. misc/eclipse/winavr-20240224t165543z-001/winavr/bin/../lib/gcc/avr/4.3.3/avr5\libgcc.a(_clear_bss.o)
 .text          0x00000092       0x58 d:/academic/mt embedded diploma/0. misc/eclipse/winavr-20240224t165543z-001/winavr/bin/../lib/gcc/avr/4.3.3/avr5\libgcc.a(_fixunssfsi.o)
                0x00000092                __fixunssfsi
 .text          0x000000ea      0x354 d:/academic/mt embedded diploma/0. misc/eclipse/winavr-20240224t165543z-001/winavr/bin/../lib/gcc/avr/4.3.3/avr5\libgcc.a(_addsub_sf.o)
                0x00000382                __subsf3
                0x000003e4                __addsf3
 .text          0x0000043e      0x1f4 d:/academic/mt embedded diploma/0. misc/eclipse/winavr-20240224t165543z-001/winavr/bin/../lib/gcc/avr/4.3.3/avr5\libgcc.a(_mul_sf.o)
                0x0000043e                __mulsf3
 .text          0x00000632      0x158 d:/academic/mt embedded diploma/0. misc/eclipse/winavr-20240224t165543z-001/winavr/bin/../lib/gcc/avr/4.3.3/avr5\libgcc.a(_div_sf.o)
                0x00000632                __divsf3
 .text          0x0000078a       0x60 d:/academic/mt embedded diploma/0. misc/eclipse/winavr-20240224t165543z-001/winavr/bin/../lib/gcc/avr/4.3.3/avr5\libgcc.a(_gt_sf.o)
                0x0000078a                __gtsf2
 .text          0x000007ea       0x60 d:/academic/mt embedded diploma/0. misc/eclipse/winavr-20240224t165543z-001/winavr/bin/../lib/gcc/avr/4.3.3/avr5\libgcc.a(_ge_sf.o)
                0x000007ea                __gesf2
 .text          0x0000084a       0x60 d:/academic/mt embedded diploma/0. misc/eclipse/winavr-20240224t165543z-001/winavr/bin/../lib/gcc/avr/4.3.3/avr5\libgcc.a(_lt_sf.o)
                0x0000084a                __ltsf2
 .text          0x000008aa       0xbc d:/academic/mt embedded diploma/0. misc/eclipse/winavr-20240224t165543z-001/winavr/bin/../lib/gcc/avr/4.3.3/avr5\libgcc.a(_si_to_sf.o)
                0x000008aa                __floatsisf
 .text          0x00000966       0xa8 d:/academic/mt embedded diploma/0. misc/eclipse/winavr-20240224t165543z-001/winavr/bin/../lib/gcc/avr/4.3.3/avr5\libgcc.a(_sf_to_si.o)
                0x00000966                __fixsfsi
 .text          0x00000a0e        0x0 d:/academic/mt embedded diploma/0. misc/eclipse/winavr-20240224t165543z-001/winavr/bin/../lib/gcc/avr/4.3.3/avr5\libgcc.a(_thenan_sf.o)
 .text          0x00000a0e       0xf2 d:/academic/mt embedded diploma/0. misc/eclipse/winavr-20240224t165543z-001/winavr/bin/../lib/gcc/avr/4.3.3/avr5\libgcc.a(_usi_to_sf.o)
                0x00000a0e                __floatunsisf
 .text          0x00000b00        0x0 d:/academic/mt embedded diploma/0. misc/eclipse/winavr-20240224t165543z-001/winavr/bin/../lib/gcc/avr/4.3.3/avr5\libgcc.a(_prologue.o)
 .text          0x00000b00        0x0 d:/academic/mt embedded diploma/0. misc/eclipse/winavr-20240224t165543z-001/winavr/bin/../lib/gcc/avr/4.3.3/avr5\libgcc.a(_epilogue.o)
 .text          0x00000b00       0x9e d:/academic/mt embedded diploma/0. misc/eclipse/winavr-20240224t165543z-001/winavr/bin/../lib/gcc/avr/4.3.3/avr5\libgcc.a(_clzsi2.o)
                0x00000b00                __clzsi2
 .text          0x00000b9e      0x1aa d:/academic/mt embedded diploma/0. misc/eclipse/winavr-20240224t165543z-001/winavr/bin/../lib/gcc/avr/4.3.3/avr5\libgcc.a(_pack_sf.o)
                0x00000b9e                __pack_f
 .text          0x00000d48       0xf0 d:/academic/mt embedded diploma/0. misc/eclipse/winavr-20240224t165543z-001/winavr/bin/../lib/gcc/avr/4.3.3/avr5\libgcc.a(_unpack_sf.o)
                0x00000d48                __unpack_f
 .text          0x00000e38       0xb2 d:/academic/mt embedded diploma/0. misc/eclipse/winavr-20240224t165543z-001/winavr/bin/../lib/gcc/avr/4.3.3/avr5\libgcc.a(_fpcmp_parts_sf.o)
                0x00000e38                __fpcmp_parts_f
 .text          0x00000eea        0x0 d:/academic/mt embedded diploma/0. misc/eclipse/winavr-20240224t165543z-001/winavr/bin/../lib/gcc/avr/4.3.3/avr5\libgcc.a(_clz.o)
 .text          0x00000eea        0x0 d:/academic/mt embedded diploma/0. misc/eclipse/winavr-20240224t165543z-001/winavr/bin/../lib/gcc/avr/4.3.3/../../../../avr/lib/avr5\libc.a(itoa.o)
 .text          0x00000eea        0x0 d:/academic/mt embedded diploma/0. misc/eclipse/winavr-20240224t165543z-001/winavr/bin/../lib/gcc/avr/4.3.3/../../../../avr/lib/avr5\libc.a(strrev.o)
 .text          0x00000eea        0x0 d:/academic/mt embedded diploma/0. misc/eclipse/winavr-20240224t165543z-001/winavr/bin/../lib/gcc/avr/4.3.3/avr5\libgcc.a(_udivmodhi4.o)
                0x00000eea                . = ALIGN (0x2)
 *(.text.*)
 .text.ADC_init
                0x00000eea       0x3a ./src/adc.o
                0x00000eea                ADC_init
 .text.ADC_readChannel
                0x00000f24       0x6e ./src/adc.o
                0x00000f24                ADC_readChannel
 .text.GPIO_setupPinDirection
                0x00000f92      0x1d6 ./src/gpio.o
                0x00000f92                GPIO_setupPinDirection
 .text.GPIO_writePin
                0x00001168      0x1d6 ./src/gpio.o
                0x00001168                GPIO_writePin
 .text.GPIO_readPin
                0x0000133e      0x136 ./src/gpio.o
                0x0000133e                GPIO_readPin
 .text.GPIO_setupPortDirection
                0x00001474       0x88 ./src/gpio.o
                0x00001474                GPIO_setupPortDirection
 .text.GPIO_writePort
                0x000014fc       0x88 ./src/gpio.o
                0x000014fc                GPIO_writePort
 .text.GPIO_readPort
                0x00001584       0x8a ./src/gpio.o
                0x00001584                GPIO_readPort
 .text.LCD_init
                0x0000160e      0x138 ./src/lcd.o
                0x0000160e                LCD_init
 .text.LCD_sendCommand
                0x00001746      0x3de ./src/lcd.o
                0x00001746                LCD_sendCommand
 .text.LCD_displayCharacter
                0x00001b24      0x3de ./src/lcd.o
                0x00001b24                LCD_displayCharacter
 .text.LCD_displayString
                0x00001f02       0x52 ./src/lcd.o
                0x00001f02                LCD_displayString
 .text.LCD_moveCursor
                0x00001f54       0x84 ./src/lcd.o
                0x00001f54                LCD_moveCursor
 .text.LCD_displayStringRowColumn
                0x00001fd8       0x32 ./src/lcd.o
                0x00001fd8                LCD_displayStringRowColumn
 .text.LCD_intgerToString
                0x0000200a       0x46 ./src/lcd.o
                0x0000200a                LCD_intgerToString
 .text.LCD_clearScreen
                0x00002050       0x14 ./src/lcd.o
                0x00002050                LCD_clearScreen
 .text.LM35_getTemperature
                0x00002064       0x8a ./src/lm35_sensor.o
                0x00002064                LM35_getTemperature
 .text.main     0x000020ee      0x476 ./src/main.o
                0x000020ee                main
 .text.DcMotor_Init
                0x00002564       0x66 ./src/motor.o
                0x00002564                DcMotor_Init
 .text.DcMotor_Rotate
                0x000025ca       0xb4 ./src/motor.o
                0x000025ca                DcMotor_Rotate
 .text.Timer0_PWM_Init
                0x0000267e       0x76 ./src/pwm.o
                0x0000267e                Timer0_PWM_Init
 .text.libgcc   0x000026f4       0x3e d:/academic/mt embedded diploma/0. misc/eclipse/winavr-20240224t165543z-001/winavr/bin/../lib/gcc/avr/4.3.3/avr5\libgcc.a(_mulsi3.o)
                0x000026f4                __mulsi3
 .text.libgcc   0x00002732        0x0 d:/academic/mt embedded diploma/0. misc/eclipse/winavr-20240224t165543z-001/winavr/bin/../lib/gcc/avr/4.3.3/avr5\libgcc.a(_exit.o)
 .text.libgcc   0x00002732        0x0 d:/academic/mt embedded diploma/0. misc/eclipse/winavr-20240224t165543z-001/winavr/bin/../lib/gcc/avr/4.3.3/avr5\libgcc.a(_copy_data.o)
 .text.libgcc   0x00002732        0x0 d:/academic/mt embedded diploma/0. misc/eclipse/winavr-20240224t165543z-001/winavr/bin/../lib/gcc/avr/4.3.3/avr5\libgcc.a(_clear_bss.o)
 .text.libgcc   0x00002732       0x38 d:/academic/mt embedded diploma/0. misc/eclipse/winavr-20240224t165543z-001/winavr/bin/../lib/gcc/avr/4.3.3/avr5\libgcc.a(_prologue.o)
                0x00002732                __prologue_saves__
 .text.libgcc   0x0000276a       0x36 d:/academic/mt embedded diploma/0. misc/eclipse/winavr-20240224t165543z-001/winavr/bin/../lib/gcc/avr/4.3.3/avr5\libgcc.a(_epilogue.o)
                0x0000276a                __epilogue_restores__
 .text.avr-libc
                0x000027a0       0x42 d:/academic/mt embedded diploma/0. misc/eclipse/winavr-20240224t165543z-001/winavr/bin/../lib/gcc/avr/4.3.3/../../../../avr/lib/avr5\libc.a(itoa.o)
                0x000027a0                itoa
 .text.avr-libc
                0x000027e2       0x20 d:/academic/mt embedded diploma/0. misc/eclipse/winavr-20240224t165543z-001/winavr/bin/../lib/gcc/avr/4.3.3/../../../../avr/lib/avr5\libc.a(strrev.o)
                0x000027e2                strrev
 .text.libgcc   0x00002802       0x28 d:/academic/mt embedded diploma/0. misc/eclipse/winavr-20240224t165543z-001/winavr/bin/../lib/gcc/avr/4.3.3/avr5\libgcc.a(_udivmodhi4.o)
                0x00002802                __udivmodhi4
                0x0000282a                . = ALIGN (0x2)
 *(.fini9)
 .fini9         0x0000282a        0x0 d:/academic/mt embedded diploma/0. misc/eclipse/winavr-20240224t165543z-001/winavr/bin/../lib/gcc/avr/4.3.3/avr5\libgcc.a(_exit.o)
                0x0000282a                exit
                0x0000282a                _exit
 *(.fini9)
 *(.fini8)
 *(.fini8)
 *(.fini7)
 *(.fini7)
 *(.fini6)
 *(.fini6)
 *(.fini5)
 *(.fini5)
 *(.fini4)
 *(.fini4)
 *(.fini3)
 *(.fini3)
 *(.fini2)
 *(.fini2)
 *(.fini1)
 *(.fini1)
 *(.fini0)
 .fini0         0x0000282a        0x4 d:/academic/mt embedded diploma/0. misc/eclipse/winavr-20240224t165543z-001/winavr/bin/../lib/gcc/avr/4.3.3/avr5\libgcc.a(_exit.o)
 *(.fini0)
                0x0000282e                _etext = .

.data           0x00800060      0x150 load address 0x0000282e
                0x00800060                PROVIDE (__data_start, .)
 *(.data)
 .data          0x00800060        0x0 d:/academic/mt embedded diploma/0. misc/eclipse/winavr-20240224t165543z-001/winavr/bin/../lib/gcc/avr/4.3.3/../../../../avr/lib/avr5/crtm32.o
 .data          0x00800060        0x0 ./src/adc.o
 .data          0x00800060        0x0 ./src/gpio.o
 .data          0x00800060        0x0 ./src/lcd.o
 .data          0x00800060        0x0 ./src/lm35_sensor.o
 .data          0x00800060       0x48 ./src/main.o
 .data          0x008000a8        0x0 ./src/motor.o
 .data          0x008000a8        0x0 ./src/pwm.o
 .data          0x008000a8        0x0 d:/academic/mt embedded diploma/0. misc/eclipse/winavr-20240224t165543z-001/winavr/bin/../lib/gcc/avr/4.3.3/avr5\libgcc.a(_mulsi3.o)
 .data          0x008000a8        0x0 d:/academic/mt embedded diploma/0. misc/eclipse/winavr-20240224t165543z-001/winavr/bin/../lib/gcc/avr/4.3.3/avr5\libgcc.a(_exit.o)
 .data          0x008000a8        0x0 d:/academic/mt embedded diploma/0. misc/eclipse/winavr-20240224t165543z-001/winavr/bin/../lib/gcc/avr/4.3.3/avr5\libgcc.a(_copy_data.o)
 .data          0x008000a8        0x0 d:/academic/mt embedded diploma/0. misc/eclipse/winavr-20240224t165543z-001/winavr/bin/../lib/gcc/avr/4.3.3/avr5\libgcc.a(_clear_bss.o)
 .data          0x008000a8        0x0 d:/academic/mt embedded diploma/0. misc/eclipse/winavr-20240224t165543z-001/winavr/bin/../lib/gcc/avr/4.3.3/avr5\libgcc.a(_fixunssfsi.o)
 .data          0x008000a8        0x0 d:/academic/mt embedded diploma/0. misc/eclipse/winavr-20240224t165543z-001/winavr/bin/../lib/gcc/avr/4.3.3/avr5\libgcc.a(_addsub_sf.o)
 .data          0x008000a8        0x0 d:/academic/mt embedded diploma/0. misc/eclipse/winavr-20240224t165543z-001/winavr/bin/../lib/gcc/avr/4.3.3/avr5\libgcc.a(_mul_sf.o)
 .data          0x008000a8        0x0 d:/academic/mt embedded diploma/0. misc/eclipse/winavr-20240224t165543z-001/winavr/bin/../lib/gcc/avr/4.3.3/avr5\libgcc.a(_div_sf.o)
 .data          0x008000a8        0x0 d:/academic/mt embedded diploma/0. misc/eclipse/winavr-20240224t165543z-001/winavr/bin/../lib/gcc/avr/4.3.3/avr5\libgcc.a(_gt_sf.o)
 .data          0x008000a8        0x0 d:/academic/mt embedded diploma/0. misc/eclipse/winavr-20240224t165543z-001/winavr/bin/../lib/gcc/avr/4.3.3/avr5\libgcc.a(_ge_sf.o)
 .data          0x008000a8        0x0 d:/academic/mt embedded diploma/0. misc/eclipse/winavr-20240224t165543z-001/winavr/bin/../lib/gcc/avr/4.3.3/avr5\libgcc.a(_lt_sf.o)
 .data          0x008000a8        0x0 d:/academic/mt embedded diploma/0. misc/eclipse/winavr-20240224t165543z-001/winavr/bin/../lib/gcc/avr/4.3.3/avr5\libgcc.a(_si_to_sf.o)
 .data          0x008000a8        0x0 d:/academic/mt embedded diploma/0. misc/eclipse/winavr-20240224t165543z-001/winavr/bin/../lib/gcc/avr/4.3.3/avr5\libgcc.a(_sf_to_si.o)
 .data          0x008000a8        0x8 d:/academic/mt embedded diploma/0. misc/eclipse/winavr-20240224t165543z-001/winavr/bin/../lib/gcc/avr/4.3.3/avr5\libgcc.a(_thenan_sf.o)
                0x008000a8                __thenan_sf
 .data          0x008000b0        0x0 d:/academic/mt embedded diploma/0. misc/eclipse/winavr-20240224t165543z-001/winavr/bin/../lib/gcc/avr/4.3.3/avr5\libgcc.a(_usi_to_sf.o)
 .data          0x008000b0        0x0 d:/academic/mt embedded diploma/0. misc/eclipse/winavr-20240224t165543z-001/winavr/bin/../lib/gcc/avr/4.3.3/avr5\libgcc.a(_prologue.o)
 .data          0x008000b0        0x0 d:/academic/mt embedded diploma/0. misc/eclipse/winavr-20240224t165543z-001/winavr/bin/../lib/gcc/avr/4.3.3/avr5\libgcc.a(_epilogue.o)
 .data          0x008000b0        0x0 d:/academic/mt embedded diploma/0. misc/eclipse/winavr-20240224t165543z-001/winavr/bin/../lib/gcc/avr/4.3.3/avr5\libgcc.a(_clzsi2.o)
 .data          0x008000b0        0x0 d:/academic/mt embedded diploma/0. misc/eclipse/winavr-20240224t165543z-001/winavr/bin/../lib/gcc/avr/4.3.3/avr5\libgcc.a(_pack_sf.o)
 .data          0x008000b0        0x0 d:/academic/mt embedded diploma/0. misc/eclipse/winavr-20240224t165543z-001/winavr/bin/../lib/gcc/avr/4.3.3/avr5\libgcc.a(_unpack_sf.o)
 .data          0x008000b0        0x0 d:/academic/mt embedded diploma/0. misc/eclipse/winavr-20240224t165543z-001/winavr/bin/../lib/gcc/avr/4.3.3/avr5\libgcc.a(_fpcmp_parts_sf.o)
 .data          0x008000b0      0x100 d:/academic/mt embedded diploma/0. misc/eclipse/winavr-20240224t165543z-001/winavr/bin/../lib/gcc/avr/4.3.3/avr5\libgcc.a(_clz.o)
                0x008000b0                __clz_tab
 .data          0x008001b0        0x0 d:/academic/mt embedded diploma/0. misc/eclipse/winavr-20240224t165543z-001/winavr/bin/../lib/gcc/avr/4.3.3/../../../../avr/lib/avr5\libc.a(itoa.o)
 .data          0x008001b0        0x0 d:/academic/mt embedded diploma/0. misc/eclipse/winavr-20240224t165543z-001/winavr/bin/../lib/gcc/avr/4.3.3/../../../../avr/lib/avr5\libc.a(strrev.o)
 .data          0x008001b0        0x0 d:/academic/mt embedded diploma/0. misc/eclipse/winavr-20240224t165543z-001/winavr/bin/../lib/gcc/avr/4.3.3/avr5\libgcc.a(_udivmodhi4.o)
 *(.data*)
 *(.rodata)
 *(.rodata*)
 *(.gnu.linkonce.d*)
                0x008001b0                . = ALIGN (0x2)
                0x008001b0                _edata = .
                0x008001b0                PROVIDE (__data_end, .)

.bss            0x008001b0        0x8
                0x008001b0                PROVIDE (__bss_start, .)
 *(.bss)
 .bss           0x008001b0        0x0 d:/academic/mt embedded diploma/0. misc/eclipse/winavr-20240224t165543z-001/winavr/bin/../lib/gcc/avr/4.3.3/../../../../avr/lib/avr5/crtm32.o
 .bss           0x008001b0        0x0 ./src/adc.o
 .bss           0x008001b0        0x0 ./src/gpio.o
 .bss           0x008001b0        0x0 ./src/lcd.o
 .bss           0x008001b0        0x0 ./src/lm35_sensor.o
 .bss           0x008001b0        0x0 ./src/main.o
 .bss           0x008001b0        0x0 ./src/motor.o
 .bss           0x008001b0        0x0 ./src/pwm.o
 .bss           0x008001b0        0x0 d:/academic/mt embedded diploma/0. misc/eclipse/winavr-20240224t165543z-001/winavr/bin/../lib/gcc/avr/4.3.3/avr5\libgcc.a(_mulsi3.o)
 .bss           0x008001b0        0x0 d:/academic/mt embedded diploma/0. misc/eclipse/winavr-20240224t165543z-001/winavr/bin/../lib/gcc/avr/4.3.3/avr5\libgcc.a(_exit.o)
 .bss           0x008001b0        0x0 d:/academic/mt embedded diploma/0. misc/eclipse/winavr-20240224t165543z-001/winavr/bin/../lib/gcc/avr/4.3.3/avr5\libgcc.a(_copy_data.o)
 .bss           0x008001b0        0x0 d:/academic/mt embedded diploma/0. misc/eclipse/winavr-20240224t165543z-001/winavr/bin/../lib/gcc/avr/4.3.3/avr5\libgcc.a(_clear_bss.o)
 .bss           0x008001b0        0x0 d:/academic/mt embedded diploma/0. misc/eclipse/winavr-20240224t165543z-001/winavr/bin/../lib/gcc/avr/4.3.3/avr5\libgcc.a(_fixunssfsi.o)
 .bss           0x008001b0        0x0 d:/academic/mt embedded diploma/0. misc/eclipse/winavr-20240224t165543z-001/winavr/bin/../lib/gcc/avr/4.3.3/avr5\libgcc.a(_addsub_sf.o)
 .bss           0x008001b0        0x0 d:/academic/mt embedded diploma/0. misc/eclipse/winavr-20240224t165543z-001/winavr/bin/../lib/gcc/avr/4.3.3/avr5\libgcc.a(_mul_sf.o)
 .bss           0x008001b0        0x0 d:/academic/mt embedded diploma/0. misc/eclipse/winavr-20240224t165543z-001/winavr/bin/../lib/gcc/avr/4.3.3/avr5\libgcc.a(_div_sf.o)
 .bss           0x008001b0        0x0 d:/academic/mt embedded diploma/0. misc/eclipse/winavr-20240224t165543z-001/winavr/bin/../lib/gcc/avr/4.3.3/avr5\libgcc.a(_gt_sf.o)
 .bss           0x008001b0        0x0 d:/academic/mt embedded diploma/0. misc/eclipse/winavr-20240224t165543z-001/winavr/bin/../lib/gcc/avr/4.3.3/avr5\libgcc.a(_ge_sf.o)
 .bss           0x008001b0        0x0 d:/academic/mt embedded diploma/0. misc/eclipse/winavr-20240224t165543z-001/winavr/bin/../lib/gcc/avr/4.3.3/avr5\libgcc.a(_lt_sf.o)
 .bss           0x008001b0        0x0 d:/academic/mt embedded diploma/0. misc/eclipse/winavr-20240224t165543z-001/winavr/bin/../lib/gcc/avr/4.3.3/avr5\libgcc.a(_si_to_sf.o)
 .bss           0x008001b0        0x0 d:/academic/mt embedded diploma/0. misc/eclipse/winavr-20240224t165543z-001/winavr/bin/../lib/gcc/avr/4.3.3/avr5\libgcc.a(_sf_to_si.o)
 .bss           0x008001b0        0x0 d:/academic/mt embedded diploma/0. misc/eclipse/winavr-20240224t165543z-001/winavr/bin/../lib/gcc/avr/4.3.3/avr5\libgcc.a(_thenan_sf.o)
 .bss           0x008001b0        0x0 d:/academic/mt embedded diploma/0. misc/eclipse/winavr-20240224t165543z-001/winavr/bin/../lib/gcc/avr/4.3.3/avr5\libgcc.a(_usi_to_sf.o)
 .bss           0x008001b0        0x0 d:/academic/mt embedded diploma/0. misc/eclipse/winavr-20240224t165543z-001/winavr/bin/../lib/gcc/avr/4.3.3/avr5\libgcc.a(_prologue.o)
 .bss           0x008001b0        0x0 d:/academic/mt embedded diploma/0. misc/eclipse/winavr-20240224t165543z-001/winavr/bin/../lib/gcc/avr/4.3.3/avr5\libgcc.a(_epilogue.o)
 .bss           0x008001b0        0x0 d:/academic/mt embedded diploma/0. misc/eclipse/winavr-20240224t165543z-001/winavr/bin/../lib/gcc/avr/4.3.3/avr5\libgcc.a(_clzsi2.o)
 .bss           0x008001b0        0x0 d:/academic/mt embedded diploma/0. misc/eclipse/winavr-20240224t165543z-001/winavr/bin/../lib/gcc/avr/4.3.3/avr5\libgcc.a(_pack_sf.o)
 .bss           0x008001b0        0x0 d:/academic/mt embedded diploma/0. misc/eclipse/winavr-20240224t165543z-001/winavr/bin/../lib/gcc/avr/4.3.3/avr5\libgcc.a(_unpack_sf.o)
 .bss           0x008001b0        0x0 d:/academic/mt embedded diploma/0. misc/eclipse/winavr-20240224t165543z-001/winavr/bin/../lib/gcc/avr/4.3.3/avr5\libgcc.a(_fpcmp_parts_sf.o)
 .bss           0x008001b0        0x0 d:/academic/mt embedded diploma/0. misc/eclipse/winavr-20240224t165543z-001/winavr/bin/../lib/gcc/avr/4.3.3/avr5\libgcc.a(_clz.o)
 .bss           0x008001b0        0x0 d:/academic/mt embedded diploma/0. misc/eclipse/winavr-20240224t165543z-001/winavr/bin/../lib/gcc/avr/4.3.3/../../../../avr/lib/avr5\libc.a(itoa.o)
 .bss           0x008001b0        0x0 d:/academic/mt embedded diploma/0. misc/eclipse/winavr-20240224t165543z-001/winavr/bin/../lib/gcc/avr/4.3.3/../../../../avr/lib/avr5\libc.a(strrev.o)
 .bss           0x008001b0        0x0 d:/academic/mt embedded diploma/0. misc/eclipse/winavr-20240224t165543z-001/winavr/bin/../lib/gcc/avr/4.3.3/avr5\libgcc.a(_udivmodhi4.o)
 *(.bss*)
 .bss.motor_state
                0x008001b0        0x1 ./src/motor.o
 .bss.motor_speed
                0x008001b1        0x1 ./src/motor.o
 *(COMMON)
 COMMON         0x008001b2        0x6 ./src/main.o
                0x008001b2                g_current_temp
                0x008001b3                g_displayed_speed
                0x008001b4                g_current_speed
                0x008001b5                g_displayed_state
                0x008001b6                g_displayed_temp
                0x008001b7                g_current_state
                0x008001b8                PROVIDE (__bss_end, .)
                0x0000282e                __data_load_start = LOADADDR (.data)
                0x0000297e                __data_load_end = (__data_load_start + SIZEOF (.data))

.noinit         0x008001b8        0x0
                0x008001b8                PROVIDE (__noinit_start, .)
 *(.noinit*)
                0x008001b8                PROVIDE (__noinit_end, .)
                0x008001b8                _end = .
                0x008001b8                PROVIDE (__heap_start, .)

.eeprom         0x00810000        0x0
 *(.eeprom*)
                0x00810000                __eeprom_end = .

.fuse
 *(.fuse)
 *(.lfuse)
 *(.hfuse)
 *(.efuse)

.lock
 *(.lock*)

.signature
 *(.signature*)

.stab           0x00000000     0x22b0
 *(.stab)
 .stab          0x00000000      0x498 ./src/adc.o
 .stab          0x00000498      0x624 ./src/gpio.o
                                0x87c (size before relaxing)
 .stab          0x00000abc      0xae0 ./src/lcd.o
                                0xd44 (size before relaxing)
 .stab          0x0000159c      0x198 ./src/lm35_sensor.o
                                0x288 (size before relaxing)
 .stab          0x00001734      0x750 ./src/main.o
                                0xa08 (size before relaxing)
 .stab          0x00001e84      0x2a0 ./src/motor.o
                                0x3c0 (size before relaxing)
 .stab          0x00002124      0x18c ./src/pwm.o
                                0x420 (size before relaxing)

.stabstr        0x00000000     0x1326
 *(.stabstr)
 .stabstr       0x00000000     0x1326 ./src/adc.o

.stab.excl
 *(.stab.excl)

.stab.exclstr
 *(.stab.exclstr)

.stab.index
 *(.stab.index)

.stab.indexstr
 *(.stab.indexstr)

.comment
 *(.comment)

.debug
 *(.debug)

.line
 *(.line)

.debug_srcinfo
 *(.debug_srcinfo)

.debug_sfnames
 *(.debug_sfnames)

.debug_aranges  0x00000000      0x1c0
 *(.debug_aranges)
 .debug_aranges
                0x00000000       0x20 d:/academic/mt embedded diploma/0. misc/eclipse/winavr-20240224t165543z-001/winavr/bin/../lib/gcc/avr/4.3.3/avr5\libgcc.a(_fixunssfsi.o)
 .debug_aranges
                0x00000020       0x20 d:/academic/mt embedded diploma/0. misc/eclipse/winavr-20240224t165543z-001/winavr/bin/../lib/gcc/avr/4.3.3/avr5\libgcc.a(_addsub_sf.o)
 .debug_aranges
                0x00000040       0x20 d:/academic/mt embedded diploma/0. misc/eclipse/winavr-20240224t165543z-001/winavr/bin/../lib/gcc/avr/4.3.3/avr5\libgcc.a(_mul_sf.o)
 .debug_aranges
                0x00000060       0x20 d:/academic/mt embedded diploma/0. misc/eclipse/winavr-20240224t165543z-001/winavr/bin/../lib/gcc/avr/4.3.3/avr5\libgcc.a(_div_sf.o)
 .debug_aranges
                0x00000080       0x20 d:/academic/mt embedded diploma/0. misc/eclipse/winavr-20240224t165543z-001/winavr/bin/../lib/gcc/avr/4.3.3/avr5\libgcc.a(_gt_sf.o)
 .debug_aranges
                0x000000a0       0x20 d:/academic/mt embedded diploma/0. misc/eclipse/winavr-20240224t165543z-001/winavr/bin/../lib/gcc/avr/4.3.3/avr5\libgcc.a(_ge_sf.o)
 .debug_aranges
                0x000000c0       0x20 d:/academic/mt embedded diploma/0. misc/eclipse/winavr-20240224t165543z-001/winavr/bin/../lib/gcc/avr/4.3.3/avr5\libgcc.a(_lt_sf.o)
 .debug_aranges
                0x000000e0       0x20 d:/academic/mt embedded diploma/0. misc/eclipse/winavr-20240224t165543z-001/winavr/bin/../lib/gcc/avr/4.3.3/avr5\libgcc.a(_si_to_sf.o)
 .debug_aranges
                0x00000100       0x20 d:/academic/mt embedded diploma/0. misc/eclipse/winavr-20240224t165543z-001/winavr/bin/../lib/gcc/avr/4.3.3/avr5\libgcc.a(_sf_to_si.o)
 .debug_aranges
                0x00000120       0x20 d:/academic/mt embedded diploma/0. misc/eclipse/winavr-20240224t165543z-001/winavr/bin/../lib/gcc/avr/4.3.3/avr5\libgcc.a(_usi_to_sf.o)
 .debug_aranges
                0x00000140       0x20 d:/academic/mt embedded diploma/0. misc/eclipse/winavr-20240224t165543z-001/winavr/bin/../lib/gcc/avr/4.3.3/avr5\libgcc.a(_clzsi2.o)
 .debug_aranges
                0x00000160       0x20 d:/academic/mt embedded diploma/0. misc/eclipse/winavr-20240224t165543z-001/winavr/bin/../lib/gcc/avr/4.3.3/avr5\libgcc.a(_pack_sf.o)
 .debug_aranges
                0x00000180       0x20 d:/academic/mt embedded diploma/0. misc/eclipse/winavr-20240224t165543z-001/winavr/bin/../lib/gcc/avr/4.3.3/avr5\libgcc.a(_unpack_sf.o)
 .debug_aranges
                0x000001a0       0x20 d:/academic/mt embedded diploma/0. misc/eclipse/winavr-20240224t165543z-001/winavr/bin/../lib/gcc/avr/4.3.3/avr5\libgcc.a(_fpcmp_parts_sf.o)

.debug_pubnames
                0x00000000      0x214
 *(.debug_pubnames)
 .debug_pubnames
                0x00000000       0x23 d:/academic/mt embedded diploma/0. misc/eclipse/winavr-20240224t165543z-001/winavr/bin/../lib/gcc/avr/4.3.3/avr5\libgcc.a(_fixunssfsi.o)
 .debug_pubnames
                0x00000023       0x2c d:/academic/mt embedded diploma/0. misc/eclipse/winavr-20240224t165543z-001/winavr/bin/../lib/gcc/avr/4.3.3/avr5\libgcc.a(_addsub_sf.o)
 .debug_pubnames
                0x0000004f       0x1f d:/academic/mt embedded diploma/0. misc/eclipse/winavr-20240224t165543z-001/winavr/bin/../lib/gcc/avr/4.3.3/avr5\libgcc.a(_mul_sf.o)
 .debug_pubnames
                0x0000006e       0x1f d:/academic/mt embedded diploma/0. misc/eclipse/winavr-20240224t165543z-001/winavr/bin/../lib/gcc/avr/4.3.3/avr5\libgcc.a(_div_sf.o)
 .debug_pubnames
                0x0000008d       0x1e d:/academic/mt embedded diploma/0. misc/eclipse/winavr-20240224t165543z-001/winavr/bin/../lib/gcc/avr/4.3.3/avr5\libgcc.a(_gt_sf.o)
 .debug_pubnames
                0x000000ab       0x1e d:/academic/mt embedded diploma/0. misc/eclipse/winavr-20240224t165543z-001/winavr/bin/../lib/gcc/avr/4.3.3/avr5\libgcc.a(_ge_sf.o)
 .debug_pubnames
                0x000000c9       0x1e d:/academic/mt embedded diploma/0. misc/eclipse/winavr-20240224t165543z-001/winavr/bin/../lib/gcc/avr/4.3.3/avr5\libgcc.a(_lt_sf.o)
 .debug_pubnames
                0x000000e7       0x22 d:/academic/mt embedded diploma/0. misc/eclipse/winavr-20240224t165543z-001/winavr/bin/../lib/gcc/avr/4.3.3/avr5\libgcc.a(_si_to_sf.o)
 .debug_pubnames
                0x00000109       0x20 d:/academic/mt embedded diploma/0. misc/eclipse/winavr-20240224t165543z-001/winavr/bin/../lib/gcc/avr/4.3.3/avr5\libgcc.a(_sf_to_si.o)
 .debug_pubnames
                0x00000129       0x22 d:/academic/mt embedded diploma/0. misc/eclipse/winavr-20240224t165543z-001/winavr/bin/../lib/gcc/avr/4.3.3/avr5\libgcc.a(_thenan_sf.o)
 .debug_pubnames
                0x0000014b       0x24 d:/academic/mt embedded diploma/0. misc/eclipse/winavr-20240224t165543z-001/winavr/bin/../lib/gcc/avr/4.3.3/avr5\libgcc.a(_usi_to_sf.o)
 .debug_pubnames
                0x0000016f       0x1f d:/academic/mt embedded diploma/0. misc/eclipse/winavr-20240224t165543z-001/winavr/bin/../lib/gcc/avr/4.3.3/avr5\libgcc.a(_clzsi2.o)
 .debug_pubnames
                0x0000018e       0x1f d:/academic/mt embedded diploma/0. misc/eclipse/winavr-20240224t165543z-001/winavr/bin/../lib/gcc/avr/4.3.3/avr5\libgcc.a(_pack_sf.o)
 .debug_pubnames
                0x000001ad       0x21 d:/academic/mt embedded diploma/0. misc/eclipse/winavr-20240224t165543z-001/winavr/bin/../lib/gcc/avr/4.3.3/avr5\libgcc.a(_unpack_sf.o)
 .debug_pubnames
                0x000001ce       0x26 d:/academic/mt embedded diploma/0. misc/eclipse/winavr-20240224t165543z-001/winavr/bin/../lib/gcc/avr/4.3.3/avr5\libgcc.a(_fpcmp_parts_sf.o)
 .debug_pubnames
                0x000001f4       0x20 d:/academic/mt embedded diploma/0. misc/eclipse/winavr-20240224t165543z-001/winavr/bin/../lib/gcc/avr/4.3.3/avr5\libgcc.a(_clz.o)

.debug_info     0x00000000     0x2612
 *(.debug_info)
 .debug_info    0x00000000       0xb1 d:/academic/mt embedded diploma/0. misc/eclipse/winavr-20240224t165543z-001/winavr/bin/../lib/gcc/avr/4.3.3/avr5\libgcc.a(_fixunssfsi.o)
 .debug_info    0x000000b1      0x47a d:/academic/mt embedded diploma/0. misc/eclipse/winavr-20240224t165543z-001/winavr/bin/../lib/gcc/avr/4.3.3/avr5\libgcc.a(_addsub_sf.o)
 .debug_info    0x0000052b      0x485 d:/academic/mt embedded diploma/0. misc/eclipse/winavr-20240224t165543z-001/winavr/bin/../lib/gcc/avr/4.3.3/avr5\libgcc.a(_mul_sf.o)
 .debug_info    0x000009b0      0x3fc d:/academic/mt embedded diploma/0. misc/eclipse/winavr-20240224t165543z-001/winavr/bin/../lib/gcc/avr/4.3.3/avr5\libgcc.a(_div_sf.o)
 .debug_info    0x00000dac      0x27f d:/academic/mt embedded diploma/0. misc/eclipse/winavr-20240224t165543z-001/winavr/bin/../lib/gcc/avr/4.3.3/avr5\libgcc.a(_gt_sf.o)
 .debug_info    0x0000102b      0x27f d:/academic/mt embedded diploma/0. misc/eclipse/winavr-20240224t165543z-001/winavr/bin/../lib/gcc/avr/4.3.3/avr5\libgcc.a(_ge_sf.o)
 .debug_info    0x000012aa      0x27f d:/academic/mt embedded diploma/0. misc/eclipse/winavr-20240224t165543z-001/winavr/bin/../lib/gcc/avr/4.3.3/avr5\libgcc.a(_lt_sf.o)
 .debug_info    0x00001529      0x207 d:/academic/mt embedded diploma/0. misc/eclipse/winavr-20240224t165543z-001/winavr/bin/../lib/gcc/avr/4.3.3/avr5\libgcc.a(_si_to_sf.o)
 .debug_info    0x00001730      0x2b0 d:/academic/mt embedded diploma/0. misc/eclipse/winavr-20240224t165543z-001/winavr/bin/../lib/gcc/avr/4.3.3/avr5\libgcc.a(_sf_to_si.o)
 .debug_info    0x000019e0      0x12c d:/academic/mt embedded diploma/0. misc/eclipse/winavr-20240224t165543z-001/winavr/bin/../lib/gcc/avr/4.3.3/avr5\libgcc.a(_thenan_sf.o)
 .debug_info    0x00001b0c      0x206 d:/academic/mt embedded diploma/0. misc/eclipse/winavr-20240224t165543z-001/winavr/bin/../lib/gcc/avr/4.3.3/avr5\libgcc.a(_usi_to_sf.o)
 .debug_info    0x00001d12      0x117 d:/academic/mt embedded diploma/0. misc/eclipse/winavr-20240224t165543z-001/winavr/bin/../lib/gcc/avr/4.3.3/avr5\libgcc.a(_clzsi2.o)
 .debug_info    0x00001e29      0x2df d:/academic/mt embedded diploma/0. misc/eclipse/winavr-20240224t165543z-001/winavr/bin/../lib/gcc/avr/4.3.3/avr5\libgcc.a(_pack_sf.o)
 .debug_info    0x00002108      0x251 d:/academic/mt embedded diploma/0. misc/eclipse/winavr-20240224t165543z-001/winavr/bin/../lib/gcc/avr/4.3.3/avr5\libgcc.a(_unpack_sf.o)
 .debug_info    0x00002359      0x210 d:/academic/mt embedded diploma/0. misc/eclipse/winavr-20240224t165543z-001/winavr/bin/../lib/gcc/avr/4.3.3/avr5\libgcc.a(_fpcmp_parts_sf.o)
 .debug_info    0x00002569       0xa9 d:/academic/mt embedded diploma/0. misc/eclipse/winavr-20240224t165543z-001/winavr/bin/../lib/gcc/avr/4.3.3/avr5\libgcc.a(_clz.o)
 *(.gnu.linkonce.wi.*)

.debug_abbrev   0x00000000     0x14ce
 *(.debug_abbrev)
 .debug_abbrev  0x00000000       0x5d d:/academic/mt embedded diploma/0. misc/eclipse/winavr-20240224t165543z-001/winavr/bin/../lib/gcc/avr/4.3.3/avr5\libgcc.a(_fixunssfsi.o)
 .debug_abbrev  0x0000005d      0x1ea d:/academic/mt embedded diploma/0. misc/eclipse/winavr-20240224t165543z-001/winavr/bin/../lib/gcc/avr/4.3.3/avr5\libgcc.a(_addsub_sf.o)
 .debug_abbrev  0x00000247      0x21b d:/academic/mt embedded diploma/0. misc/eclipse/winavr-20240224t165543z-001/winavr/bin/../lib/gcc/avr/4.3.3/avr5\libgcc.a(_mul_sf.o)
 .debug_abbrev  0x00000462      0x216 d:/academic/mt embedded diploma/0. misc/eclipse/winavr-20240224t165543z-001/winavr/bin/../lib/gcc/avr/4.3.3/avr5\libgcc.a(_div_sf.o)
 .debug_abbrev  0x00000678      0x15a d:/academic/mt embedded diploma/0. misc/eclipse/winavr-20240224t165543z-001/winavr/bin/../lib/gcc/avr/4.3.3/avr5\libgcc.a(_gt_sf.o)
 .debug_abbrev  0x000007d2      0x15a d:/academic/mt embedded diploma/0. misc/eclipse/winavr-20240224t165543z-001/winavr/bin/../lib/gcc/avr/4.3.3/avr5\libgcc.a(_ge_sf.o)
 .debug_abbrev  0x0000092c      0x15a d:/academic/mt embedded diploma/0. misc/eclipse/winavr-20240224t165543z-001/winavr/bin/../lib/gcc/avr/4.3.3/avr5\libgcc.a(_lt_sf.o)
 .debug_abbrev  0x00000a86      0x148 d:/academic/mt embedded diploma/0. misc/eclipse/winavr-20240224t165543z-001/winavr/bin/../lib/gcc/avr/4.3.3/avr5\libgcc.a(_si_to_sf.o)
 .debug_abbrev  0x00000bce      0x17f d:/academic/mt embedded diploma/0. misc/eclipse/winavr-20240224t165543z-001/winavr/bin/../lib/gcc/avr/4.3.3/avr5\libgcc.a(_sf_to_si.o)
 .debug_abbrev  0x00000d4d       0xad d:/academic/mt embedded diploma/0. misc/eclipse/winavr-20240224t165543z-001/winavr/bin/../lib/gcc/avr/4.3.3/avr5\libgcc.a(_thenan_sf.o)
 .debug_abbrev  0x00000dfa      0x157 d:/academic/mt embedded diploma/0. misc/eclipse/winavr-20240224t165543z-001/winavr/bin/../lib/gcc/avr/4.3.3/avr5\libgcc.a(_usi_to_sf.o)
 .debug_abbrev  0x00000f51       0xc4 d:/academic/mt embedded diploma/0. misc/eclipse/winavr-20240224t165543z-001/winavr/bin/../lib/gcc/avr/4.3.3/avr5\libgcc.a(_clzsi2.o)
 .debug_abbrev  0x00001015      0x1c0 d:/academic/mt embedded diploma/0. misc/eclipse/winavr-20240224t165543z-001/winavr/bin/../lib/gcc/avr/4.3.3/avr5\libgcc.a(_pack_sf.o)
 .debug_abbrev  0x000011d5      0x154 d:/academic/mt embedded diploma/0. misc/eclipse/winavr-20240224t165543z-001/winavr/bin/../lib/gcc/avr/4.3.3/avr5\libgcc.a(_unpack_sf.o)
 .debug_abbrev  0x00001329      0x13b d:/academic/mt embedded diploma/0. misc/eclipse/winavr-20240224t165543z-001/winavr/bin/../lib/gcc/avr/4.3.3/avr5\libgcc.a(_fpcmp_parts_sf.o)
 .debug_abbrev  0x00001464       0x6a d:/academic/mt embedded diploma/0. misc/eclipse/winavr-20240224t165543z-001/winavr/bin/../lib/gcc/avr/4.3.3/avr5\libgcc.a(_clz.o)

.debug_line     0x00000000     0x130b
 *(.debug_line)
 .debug_line    0x00000000       0xa7 d:/academic/mt embedded diploma/0. misc/eclipse/winavr-20240224t165543z-001/winavr/bin/../lib/gcc/avr/4.3.3/avr5\libgcc.a(_fixunssfsi.o)
 .debug_line    0x000000a7      0x2af d:/academic/mt embedded diploma/0. misc/eclipse/winavr-20240224t165543z-001/winavr/bin/../lib/gcc/avr/4.3.3/avr5\libgcc.a(_addsub_sf.o)
 .debug_line    0x00000356      0x239 d:/academic/mt embedded diploma/0. misc/eclipse/winavr-20240224t165543z-001/winavr/bin/../lib/gcc/avr/4.3.3/avr5\libgcc.a(_mul_sf.o)
 .debug_line    0x0000058f      0x1d5 d:/academic/mt embedded diploma/0. misc/eclipse/winavr-20240224t165543z-001/winavr/bin/../lib/gcc/avr/4.3.3/avr5\libgcc.a(_div_sf.o)
 .debug_line    0x00000764       0xd3 d:/academic/mt embedded diploma/0. misc/eclipse/winavr-20240224t165543z-001/winavr/bin/../lib/gcc/avr/4.3.3/avr5\libgcc.a(_gt_sf.o)
 .debug_line    0x00000837       0xd3 d:/academic/mt embedded diploma/0. misc/eclipse/winavr-20240224t165543z-001/winavr/bin/../lib/gcc/avr/4.3.3/avr5\libgcc.a(_ge_sf.o)
 .debug_line    0x0000090a       0xd3 d:/academic/mt embedded diploma/0. misc/eclipse/winavr-20240224t165543z-001/winavr/bin/../lib/gcc/avr/4.3.3/avr5\libgcc.a(_lt_sf.o)
 .debug_line    0x000009dd      0x135 d:/academic/mt embedded diploma/0. misc/eclipse/winavr-20240224t165543z-001/winavr/bin/../lib/gcc/avr/4.3.3/avr5\libgcc.a(_si_to_sf.o)
 .debug_line    0x00000b12      0x109 d:/academic/mt embedded diploma/0. misc/eclipse/winavr-20240224t165543z-001/winavr/bin/../lib/gcc/avr/4.3.3/avr5\libgcc.a(_sf_to_si.o)
 .debug_line    0x00000c1b       0x90 d:/academic/mt embedded diploma/0. misc/eclipse/winavr-20240224t165543z-001/winavr/bin/../lib/gcc/avr/4.3.3/avr5\libgcc.a(_thenan_sf.o)
 .debug_line    0x00000cab      0x133 d:/academic/mt embedded diploma/0. misc/eclipse/winavr-20240224t165543z-001/winavr/bin/../lib/gcc/avr/4.3.3/avr5\libgcc.a(_usi_to_sf.o)
 .debug_line    0x00000dde       0xa5 d:/academic/mt embedded diploma/0. misc/eclipse/winavr-20240224t165543z-001/winavr/bin/../lib/gcc/avr/4.3.3/avr5\libgcc.a(_clzsi2.o)
 .debug_line    0x00000e83      0x18a d:/academic/mt embedded diploma/0. misc/eclipse/winavr-20240224t165543z-001/winavr/bin/../lib/gcc/avr/4.3.3/avr5\libgcc.a(_pack_sf.o)
 .debug_line    0x0000100d      0x14b d:/academic/mt embedded diploma/0. misc/eclipse/winavr-20240224t165543z-001/winavr/bin/../lib/gcc/avr/4.3.3/avr5\libgcc.a(_unpack_sf.o)
 .debug_line    0x00001158      0x137 d:/academic/mt embedded diploma/0. misc/eclipse/winavr-20240224t165543z-001/winavr/bin/../lib/gcc/avr/4.3.3/avr5\libgcc.a(_fpcmp_parts_sf.o)
 .debug_line    0x0000128f       0x7c d:/academic/mt embedded diploma/0. misc/eclipse/winavr-20240224t165543z-001/winavr/bin/../lib/gcc/avr/4.3.3/avr5\libgcc.a(_clz.o)

.debug_frame    0x00000000      0x1e0
 *(.debug_frame)
 .debug_frame   0x00000000       0x20 d:/academic/mt embedded diploma/0. misc/eclipse/winavr-20240224t165543z-001/winavr/bin/../lib/gcc/avr/4.3.3/avr5\libgcc.a(_fixunssfsi.o)
 .debug_frame   0x00000020       0x40 d:/academic/mt embedded diploma/0. misc/eclipse/winavr-20240224t165543z-001/winavr/bin/../lib/gcc/avr/4.3.3/avr5\libgcc.a(_addsub_sf.o)
 .debug_frame   0x00000060       0x20 d:/academic/mt embedded diploma/0. misc/eclipse/winavr-20240224t165543z-001/winavr/bin/../lib/gcc/avr/4.3.3/avr5\libgcc.a(_mul_sf.o)
 .debug_frame   0x00000080       0x20 d:/academic/mt embedded diploma/0. misc/eclipse/winavr-20240224t165543z-001/winavr/bin/../lib/gcc/avr/4.3.3/avr5\libgcc.a(_div_sf.o)
 .debug_frame   0x000000a0       0x20 d:/academic/mt embedded diploma/0. misc/eclipse/winavr-20240224t165543z-001/winavr/bin/../lib/gcc/avr/4.3.3/avr5\libgcc.a(_gt_sf.o)
 .debug_frame   0x000000c0       0x20 d:/academic/mt embedded diploma/0. misc/eclipse/winavr-20240224t165543z-001/winavr/bin/../lib/gcc/avr/4.3.3/avr5\libgcc.a(_ge_sf.o)
 .debug_frame   0x000000e0       0x20 d:/academic/mt embedded diploma/0. misc/eclipse/winavr-20240224t165543z-001/winavr/bin/../lib/gcc/avr/4.3.3/avr5\libgcc.a(_lt_sf.o)
 .debug_frame   0x00000100       0x20 d:/academic/mt embedded diploma/0. misc/eclipse/winavr-20240224t165543z-001/winavr/bin/../lib/gcc/avr/4.3.3/avr5\libgcc.a(_si_to_sf.o)
 .debug_frame   0x00000120       0x20 d:/academic/mt embedded diploma/0. misc/eclipse/winavr-20240224t165543z-001/winavr/bin/../lib/gcc/avr/4.3.3/avr5\libgcc.a(_sf_to_si.o)
 .debug_frame   0x00000140       0x20 d:/academic/mt embedded diploma/0. misc/eclipse/winavr-20240224t165543z-001/winavr/bin/../lib/gcc/avr/4.3.3/avr5\libgcc.a(_usi_to_sf.o)
 .debug_frame   0x00000160       0x20 d:/academic/mt embedded diploma/0. misc/eclipse/winavr-20240224t165543z-001/winavr/bin/../lib/gcc/avr/4.3.3/avr5\libgcc.a(_clzsi2.o)
 .debug_frame   0x00000180       0x20 d:/academic/mt embedded diploma/0. misc/eclipse/winavr-20240224t165543z-001/winavr/bin/../lib/gcc/avr/4.3.3/avr5\libgcc.a(_pack_sf.o)
 .debug_frame   0x000001a0       0x20 d:/academic/mt embedded diploma/0. misc/eclipse/winavr-20240224t165543z-001/winavr/bin/../lib/gcc/avr/4.3.3/avr5\libgcc.a(_unpack_sf.o)
 .debug_frame   0x000001c0       0x20 d:/academic/mt embedded diploma/0. misc/eclipse/winavr-20240224t165543z-001/winavr/bin/../lib/gcc/avr/4.3.3/avr5\libgcc.a(_fpcmp_parts_sf.o)

.debug_str      0x00000000      0x307
 *(.debug_str)
 .debug_str     0x00000000       0xbf d:/academic/mt embedded diploma/0. misc/eclipse/winavr-20240224t165543z-001/winavr/bin/../lib/gcc/avr/4.3.3/avr5\libgcc.a(_fixunssfsi.o)
                                 0xfe (size before relaxing)
 .debug_str     0x000000bf      0x14d d:/academic/mt embedded diploma/0. misc/eclipse/winavr-20240224t165543z-001/winavr/bin/../lib/gcc/avr/4.3.3/avr5\libgcc.a(_addsub_sf.o)
                                0x206 (size before relaxing)
 .debug_str     0x0000020c       0x27 d:/academic/mt embedded diploma/0. misc/eclipse/winavr-20240224t165543z-001/winavr/bin/../lib/gcc/avr/4.3.3/avr5\libgcc.a(_mul_sf.o)
                                0x1bf (size before relaxing)
 .debug_str     0x00000233       0x35 d:/academic/mt embedded diploma/0. misc/eclipse/winavr-20240224t165543z-001/winavr/bin/../lib/gcc/avr/4.3.3/avr5\libgcc.a(_div_sf.o)
                                0x1c8 (size before relaxing)
 .debug_str     0x00000268        0x8 d:/academic/mt embedded diploma/0. misc/eclipse/winavr-20240224t165543z-001/winavr/bin/../lib/gcc/avr/4.3.3/avr5\libgcc.a(_gt_sf.o)
                                0x195 (size before relaxing)
 .debug_str     0x00000270        0x8 d:/academic/mt embedded diploma/0. misc/eclipse/winavr-20240224t165543z-001/winavr/bin/../lib/gcc/avr/4.3.3/avr5\libgcc.a(_ge_sf.o)
                                0x195 (size before relaxing)
 .debug_str     0x00000278        0x8 d:/academic/mt embedded diploma/0. misc/eclipse/winavr-20240224t165543z-001/winavr/bin/../lib/gcc/avr/4.3.3/avr5\libgcc.a(_lt_sf.o)
                                0x195 (size before relaxing)
 .debug_str     0x00000280       0x1e d:/academic/mt embedded diploma/0. misc/eclipse/winavr-20240224t165543z-001/winavr/bin/../lib/gcc/avr/4.3.3/avr5\libgcc.a(_si_to_sf.o)
                                0x17b (size before relaxing)
 .debug_str     0x0000029e        0xa d:/academic/mt embedded diploma/0. misc/eclipse/winavr-20240224t165543z-001/winavr/bin/../lib/gcc/avr/4.3.3/avr5\libgcc.a(_sf_to_si.o)
                                0x19e (size before relaxing)
 .debug_str     0x00000000      0x103 d:/academic/mt embedded diploma/0. misc/eclipse/winavr-20240224t165543z-001/winavr/bin/../lib/gcc/avr/4.3.3/avr5\libgcc.a(_thenan_sf.o)
 .debug_str     0x000002a8       0x14 d:/academic/mt embedded diploma/0. misc/eclipse/winavr-20240224t165543z-001/winavr/bin/../lib/gcc/avr/4.3.3/avr5\libgcc.a(_usi_to_sf.o)
                                0x177 (size before relaxing)
 .debug_str     0x000002bc       0x20 d:/academic/mt embedded diploma/0. misc/eclipse/winavr-20240224t165543z-001/winavr/bin/../lib/gcc/avr/4.3.3/avr5\libgcc.a(_clzsi2.o)
                                0x111 (size before relaxing)
 .debug_str     0x000002dc       0x10 d:/academic/mt embedded diploma/0. misc/eclipse/winavr-20240224t165543z-001/winavr/bin/../lib/gcc/avr/4.3.3/avr5\libgcc.a(_pack_sf.o)
                                0x19d (size before relaxing)
 .debug_str     0x000002ec        0xb d:/academic/mt embedded diploma/0. misc/eclipse/winavr-20240224t165543z-001/winavr/bin/../lib/gcc/avr/4.3.3/avr5\libgcc.a(_unpack_sf.o)
                                0x17f (size before relaxing)
 .debug_str     0x000002f7       0x10 d:/academic/mt embedded diploma/0. misc/eclipse/winavr-20240224t165543z-001/winavr/bin/../lib/gcc/avr/4.3.3/avr5\libgcc.a(_fpcmp_parts_sf.o)
                                0x163 (size before relaxing)
 .debug_str     0x00000000       0xf4 d:/academic/mt embedded diploma/0. misc/eclipse/winavr-20240224t165543z-001/winavr/bin/../lib/gcc/avr/4.3.3/avr5\libgcc.a(_clz.o)

.debug_loc      0x00000000      0xa1a
 *(.debug_loc)
 .debug_loc     0x00000000       0x34 d:/academic/mt embedded diploma/0. misc/eclipse/winavr-20240224t165543z-001/winavr/bin/../lib/gcc/avr/4.3.3/avr5\libgcc.a(_fixunssfsi.o)
 .debug_loc     0x00000034      0x32a d:/academic/mt embedded diploma/0. misc/eclipse/winavr-20240224t165543z-001/winavr/bin/../lib/gcc/avr/4.3.3/avr5\libgcc.a(_addsub_sf.o)
 .debug_loc     0x0000035e      0x104 d:/academic/mt embedded diploma/0. misc/eclipse/winavr-20240224t165543z-001/winavr/bin/../lib/gcc/avr/4.3.3/avr5\libgcc.a(_mul_sf.o)
 .debug_loc     0x00000462       0xc0 d:/academic/mt embedded diploma/0. misc/eclipse/winavr-20240224t165543z-001/winavr/bin/../lib/gcc/avr/4.3.3/avr5\libgcc.a(_div_sf.o)
 .debug_loc     0x00000522       0x3c d:/academic/mt embedded diploma/0. misc/eclipse/winavr-20240224t165543z-001/winavr/bin/../lib/gcc/avr/4.3.3/avr5\libgcc.a(_gt_sf.o)
 .debug_loc     0x0000055e       0x3c d:/academic/mt embedded diploma/0. misc/eclipse/winavr-20240224t165543z-001/winavr/bin/../lib/gcc/avr/4.3.3/avr5\libgcc.a(_ge_sf.o)
 .debug_loc     0x0000059a       0x3c d:/academic/mt embedded diploma/0. misc/eclipse/winavr-20240224t165543z-001/winavr/bin/../lib/gcc/avr/4.3.3/avr5\libgcc.a(_lt_sf.o)
 .debug_loc     0x000005d6       0xac d:/academic/mt embedded diploma/0. misc/eclipse/winavr-20240224t165543z-001/winavr/bin/../lib/gcc/avr/4.3.3/avr5\libgcc.a(_si_to_sf.o)
 .debug_loc     0x00000682       0x7e d:/academic/mt embedded diploma/0. misc/eclipse/winavr-20240224t165543z-001/winavr/bin/../lib/gcc/avr/4.3.3/avr5\libgcc.a(_sf_to_si.o)
 .debug_loc     0x00000700       0x4c d:/academic/mt embedded diploma/0. misc/eclipse/winavr-20240224t165543z-001/winavr/bin/../lib/gcc/avr/4.3.3/avr5\libgcc.a(_usi_to_sf.o)
 .debug_loc     0x0000074c       0x94 d:/academic/mt embedded diploma/0. misc/eclipse/winavr-20240224t165543z-001/winavr/bin/../lib/gcc/avr/4.3.3/avr5\libgcc.a(_clzsi2.o)
 .debug_loc     0x000007e0      0x13e d:/academic/mt embedded diploma/0. misc/eclipse/winavr-20240224t165543z-001/winavr/bin/../lib/gcc/avr/4.3.3/avr5\libgcc.a(_pack_sf.o)
 .debug_loc     0x0000091e       0xac d:/academic/mt embedded diploma/0. misc/eclipse/winavr-20240224t165543z-001/winavr/bin/../lib/gcc/avr/4.3.3/avr5\libgcc.a(_unpack_sf.o)
 .debug_loc     0x000009ca       0x50 d:/academic/mt embedded diploma/0. misc/eclipse/winavr-20240224t165543z-001/winavr/bin/../lib/gcc/avr/4.3.3/avr5\libgcc.a(_fpcmp_parts_sf.o)

.debug_macinfo
 *(.debug_macinfo)
OUTPUT(Mini_Project_3.elf elf32-avr)
LOAD linker stubs

.debug_ranges   0x00000000       0x50
 .debug_ranges  0x00000000       0x50 d:/academic/mt embedded diploma/0. misc/eclipse/winavr-20240224t165543z-001/winavr/bin/../lib/gcc/avr/4.3.3/avr5\libgcc.a(_mul_sf.o)
